Archive member included to satisfy reference by file (symbol)

hardware/libmik32_hal.a(mik32_hal_pcc.c.o)
                              app/CMakeFiles/base_project.dir/main.c.o (HAL_PCC_Config)
hardware/libmik32_hal.a(mik32_hal_spi.c.o)
                              app/CMakeFiles/base_project.dir/main.c.o (HAL_SPI_Init)
hardware/libmik32_hal.a(mik32_hal_usart.c.o)
                              app/CMakeFiles/base_project.dir/main.c.o (HAL_USART_Init)
hardware/libmik32_hal.a(mik32_hal.c.o)
                              hardware/libmik32_hal.a(mik32_hal_usart.c.o) (HAL_Micros)
hardware/libmik32_hal.a(mik32_hal_ssd1306.c.o)
                              app/CMakeFiles/base_project.dir/main.c.o (ssd1306_Fill)
hardware/libmik32_hal.a(mik32_hal_ssd1306_fonts.c.o)
                              app/CMakeFiles/base_project.dir/main.c.o (Font_6x8)
hardware/libmik32_hal.a(mik32_hal_gpio.c.o)
                              hardware/libmik32_hal.a(mik32_hal_spi.c.o) (HAL_GPIO_Init)
hardware/libmik32_hal.a(mik32_hal_i2c.c.o)
                              hardware/libmik32_hal.a(mik32_hal_ssd1306.c.o) (HAL_I2C_Master_Transmit)
hardware/libmik32_hal.a(mik32_hal_dma.c.o)
                              hardware/libmik32_hal.a(mik32_hal_i2c.c.o) (HAL_DMA_Start)
/mik32_utils/xpack-riscv-none-elf-gcc-14.2.0-3/bin/../lib/gcc/riscv-none-elf/14.2.0/../../../../riscv-none-elf/lib/rv32imc/ilp32/libm.a(libm_a-sf_cos.o)
                              hardware/libmik32_hal.a(mik32_hal_ssd1306.c.o) (cosf)
/mik32_utils/xpack-riscv-none-elf-gcc-14.2.0-3/bin/../lib/gcc/riscv-none-elf/14.2.0/../../../../riscv-none-elf/lib/rv32imc/ilp32/libm.a(libm_a-sf_sin.o)
                              hardware/libmik32_hal.a(mik32_hal_ssd1306.c.o) (sinf)
/mik32_utils/xpack-riscv-none-elf-gcc-14.2.0-3/bin/../lib/gcc/riscv-none-elf/14.2.0/../../../../riscv-none-elf/lib/rv32imc/ilp32/libm.a(libm_a-kf_cos.o)
                              /mik32_utils/xpack-riscv-none-elf-gcc-14.2.0-3/bin/../lib/gcc/riscv-none-elf/14.2.0/../../../../riscv-none-elf/lib/rv32imc/ilp32/libm.a(libm_a-sf_cos.o) (__kernel_cosf)
/mik32_utils/xpack-riscv-none-elf-gcc-14.2.0-3/bin/../lib/gcc/riscv-none-elf/14.2.0/../../../../riscv-none-elf/lib/rv32imc/ilp32/libm.a(libm_a-kf_sin.o)
                              /mik32_utils/xpack-riscv-none-elf-gcc-14.2.0-3/bin/../lib/gcc/riscv-none-elf/14.2.0/../../../../riscv-none-elf/lib/rv32imc/ilp32/libm.a(libm_a-sf_cos.o) (__kernel_sinf)
/mik32_utils/xpack-riscv-none-elf-gcc-14.2.0-3/bin/../lib/gcc/riscv-none-elf/14.2.0/../../../../riscv-none-elf/lib/rv32imc/ilp32/libm.a(libm_a-ef_rem_pio2.o)
                              /mik32_utils/xpack-riscv-none-elf-gcc-14.2.0-3/bin/../lib/gcc/riscv-none-elf/14.2.0/../../../../riscv-none-elf/lib/rv32imc/ilp32/libm.a(libm_a-sf_cos.o) (__ieee754_rem_pio2f)
/mik32_utils/xpack-riscv-none-elf-gcc-14.2.0-3/bin/../lib/gcc/riscv-none-elf/14.2.0/../../../../riscv-none-elf/lib/rv32imc/ilp32/libm.a(libm_a-sf_fabs.o)
                              /mik32_utils/xpack-riscv-none-elf-gcc-14.2.0-3/bin/../lib/gcc/riscv-none-elf/14.2.0/../../../../riscv-none-elf/lib/rv32imc/ilp32/libm.a(libm_a-ef_rem_pio2.o) (fabsf)
/mik32_utils/xpack-riscv-none-elf-gcc-14.2.0-3/bin/../lib/gcc/riscv-none-elf/14.2.0/../../../../riscv-none-elf/lib/rv32imc/ilp32/libm.a(libm_a-kf_rem_pio2.o)
                              /mik32_utils/xpack-riscv-none-elf-gcc-14.2.0-3/bin/../lib/gcc/riscv-none-elf/14.2.0/../../../../riscv-none-elf/lib/rv32imc/ilp32/libm.a(libm_a-ef_rem_pio2.o) (__kernel_rem_pio2f)
/mik32_utils/xpack-riscv-none-elf-gcc-14.2.0-3/bin/../lib/gcc/riscv-none-elf/14.2.0/../../../../riscv-none-elf/lib/rv32imc/ilp32/libm.a(libm_a-sf_floor.o)
                              /mik32_utils/xpack-riscv-none-elf-gcc-14.2.0-3/bin/../lib/gcc/riscv-none-elf/14.2.0/../../../../riscv-none-elf/lib/rv32imc/ilp32/libm.a(libm_a-kf_rem_pio2.o) (floorf)
/mik32_utils/xpack-riscv-none-elf-gcc-14.2.0-3/bin/../lib/gcc/riscv-none-elf/14.2.0/../../../../riscv-none-elf/lib/rv32imc/ilp32/libm.a(libm_a-sf_scalbn.o)
                              /mik32_utils/xpack-riscv-none-elf-gcc-14.2.0-3/bin/../lib/gcc/riscv-none-elf/14.2.0/../../../../riscv-none-elf/lib/rv32imc/ilp32/libm.a(libm_a-kf_rem_pio2.o) (scalbnf)
hardware/libmik32_shared.a(crt0.S.o)
                              (_start)
/mik32_utils/xpack-riscv-none-elf-gcc-14.2.0-3/bin/../lib/gcc/riscv-none-elf/14.2.0/rv32imc/ilp32/libgcc.a(addsf3.o)
                              /mik32_utils/xpack-riscv-none-elf-gcc-14.2.0-3/bin/../lib/gcc/riscv-none-elf/14.2.0/../../../../riscv-none-elf/lib/rv32imc/ilp32/libm.a(libm_a-kf_cos.o) (__addsf3)
/mik32_utils/xpack-riscv-none-elf-gcc-14.2.0-3/bin/../lib/gcc/riscv-none-elf/14.2.0/rv32imc/ilp32/libgcc.a(divsf3.o)
                              hardware/libmik32_hal.a(mik32_hal_ssd1306.c.o) (__divsf3)
/mik32_utils/xpack-riscv-none-elf-gcc-14.2.0-3/bin/../lib/gcc/riscv-none-elf/14.2.0/rv32imc/ilp32/libgcc.a(eqsf2.o)
[...]
Memory Configuration

Name             Origin             Length             Attributes
spifi            0x80000000         0x80000000         xr
ram              0x02000000         0x00004000         xrw
*default*        0x00000000         0xffffffff

Linker script and memory map

LOAD app/CMakeFiles/base_project.dir/main.c.o
LOAD hardware/libmik32_hal.a
LOAD /mik32_utils/xpack-riscv-none-elf-gcc-14.2.0-3/bin/../lib/gcc/riscv-none-elf/14.2.0/../../../../riscv-none-elf/lib/rv32imc/ilp32/libm.a
LOAD hardware/libmik32_shared.a
LOAD /mik32_utils/xpack-riscv-none-elf-gcc-14.2.0-3/bin/../lib/gcc/riscv-none-elf/14.2.0/rv32imc/ilp32/libgcc.a
START GROUP
LOAD /mik32_utils/xpack-riscv-none-elf-gcc-14.2.0-3/bin/../lib/gcc/riscv-none-elf/14.2.0/../../../../riscv-none-elf/lib/rv32imc/ilp32/libc.a
LOAD /mik32_utils/xpack-riscv-none-elf-gcc-14.2.0-3/bin/../lib/gcc/riscv-none-elf/14.2.0/../../../../riscv-none-elf/lib/rv32imc/ilp32/libgloss.a
END GROUP
LOAD /mik32_utils/xpack-riscv-none-elf-gcc-14.2.0-3/bin/../lib/gcc/riscv-none-elf/14.2.0/rv32imc/ilp32/libgcc.a
                0x00000400                        STACK_SIZE = 0x400
                0x00000010                        CL_SIZE = 0x10

.text           0x80000000     0x4bc0
                [!provide]                        PROVIDE (__TEXT_START__ = .)
 *crt0.o(.text .text.*)
 *(.text.smallsysteminit)
 *(.text.SmallSystemInit)
                0x800000c0                        . = (ORIGIN (REGION_TEXT) + 0xc0)
 *fill*         0x80000000       0xc0 
 *crt0.o(.trap_text)
 *(.text)
 .text          0x800000c0       0xae hardware/libmik32_shared.a(crt0.S.o)
                0x800000c0                _start
                0x8000016c                SmallSystemInit
                0x8000016c                SystemInit
 .text          0x8000016e       0xa8 /mik32_utils/xpack-riscv-none-elf-gcc-14.2.0-3/bin/../lib/gcc/riscv-none-elf/14.2.0/../../../../riscv-none-elf/lib/rv32imc/ilp32/libc.a(libc_a-memset.o)
                0x8000016e                memset
 *(.text.*)
 .text.main     0x80000216      0x2c6 app/CMakeFiles/base_project.dir/main.c.o
                0x80000216                main
 .text.HAL_PCC_FreqMonRefSet
                0x800004dc       0x86 hardware/libmik32_hal.a(mik32_hal_pcc.c.o)
                0x800004dc                HAL_PCC_FreqMonRefSet
 .text.HAL_PCC_SetOscSystem
                0x80000562       0x88 hardware/libmik32_hal.a(mik32_hal_pcc.c.o)
                0x80000562                HAL_PCC_SetOscSystem
 .text.HAL_PCC_RTCClock
                0x800005ea       0x8e hardware/libmik32_hal.a(mik32_hal_pcc.c.o)
                0x800005ea                HAL_PCC_RTCClock
 .text.HAL_PCC_CPURTCClock
                0x80000678       0x58 hardware/libmik32_hal.a(mik32_hal_pcc.c.o)
                0x80000678                HAL_PCC_CPURTCClock
 .text.HAL_PCC_Config
                0x800006d0       0xe2 hardware/libmik32_hal.a(mik32_hal_pcc.c.o)
                0x800006d0                HAL_PCC_Config
 .text.HAL_PCC_GetSysClockFreq
                0x800007b2       0x24 hardware/libmik32_hal.a(mik32_hal_pcc.c.o)
                0x800007b2                HAL_PCC_GetSysClockFreq
 .text.HAL_SPI_MspInit
                0x800007d6      0x15c hardware/libmik32_hal.a(mik32_hal_spi.c.o)
                0x800007d6                HAL_SPI_MspInit
 .text.HAL_SPI_SetDelayBTWN
                0x80000932       0x1a hardware/libmik32_hal.a(mik32_hal_spi.c.o)
                0x80000932                HAL_SPI_SetDelayBTWN
 .text.HAL_SPI_SetDelayAFTER
                0x8000094c       0x1a hardware/libmik32_hal.a(mik32_hal_spi.c.o)
                0x8000094c                HAL_SPI_SetDelayAFTER
 .text.HAL_SPI_SetDelayINIT
                0x80000966       0x14 hardware/libmik32_hal.a(mik32_hal_spi.c.o)
                0x80000966                HAL_SPI_SetDelayINIT
 .text.HAL_SPI_ClearTXFIFO
                0x8000097a        0xc hardware/libmik32_hal.a(mik32_hal_spi.c.o)
                0x8000097a                HAL_SPI_ClearTXFIFO
 .text.HAL_SPI_ClearRXFIFO
                0x80000986        0xc hardware/libmik32_hal.a(mik32_hal_spi.c.o)
                0x80000986                HAL_SPI_ClearRXFIFO
 .text.HAL_SPI_ClearError
                0x80000992       0x2a hardware/libmik32_hal.a(mik32_hal_spi.c.o)
                0x80000992                HAL_SPI_ClearError
 .text.HAL_SPI_Disable
                0x800009bc       0x14 hardware/libmik32_hal.a(mik32_hal_spi.c.o)
                0x800009bc                HAL_SPI_Disable
 .text.HAL_SPI_Init
                0x800009d0       0xa8 hardware/libmik32_hal.a(mik32_hal_spi.c.o)
                0x800009d0                HAL_SPI_Init
 .text.HAL_SPI_CS_Disable
                0x80000a78       0x16 hardware/libmik32_hal.a(mik32_hal_spi.c.o)
                0x80000a78                HAL_SPI_CS_Disable
 .text.HAL_SPI_Transmit
                0x80000a8e       0x78 hardware/libmik32_hal.a(mik32_hal_spi.c.o)
                0x80000a8e                HAL_SPI_Transmit
 .text.HAL_USART_MspInit
                0x80000b06      0x192 hardware/libmik32_hal.a(mik32_hal_usart.c.o)
                0x80000b06                HAL_USART_MspInit
 .text.HAL_USART_Read_ReceiveEnableAck
                0x80000c98        0xa hardware/libmik32_hal.a(mik32_hal_usart.c.o)
                0x80000c98                HAL_USART_Read_ReceiveEnableAck
 .text.HAL_USART_Read_TransmitEnableAck
                0x80000ca2        0xa hardware/libmik32_hal.a(mik32_hal_usart.c.o)
                0x80000ca2                HAL_USART_Read_TransmitEnableAck
 .text.HAL_USART_Init
                0x80000cac      0x19c hardware/libmik32_hal.a(mik32_hal_usart.c.o)
                0x80000cac                HAL_USART_Init
 .text.HAL_USART_TXC_ReadFlag
                0x80000e48        0xa hardware/libmik32_hal.a(mik32_hal_usart.c.o)
                0x80000e48                HAL_USART_TXC_ReadFlag
 .text.HAL_USART_Transmit
                0x80000e52       0x82 hardware/libmik32_hal.a(mik32_hal_usart.c.o)
                0x80000e52                HAL_USART_Transmit
 .text.HAL_USART_Print
                0x80000ed4       0x40 hardware/libmik32_hal.a(mik32_hal_usart.c.o)
                0x80000ed4                HAL_USART_Print
 .text.HAL_Micros
                0x80000f14        0x4 hardware/libmik32_hal.a(mik32_hal.c.o)
                0x80000f14                HAL_Micros
 .text.HAL_DelayMs
                0x80000f18       0x12 hardware/libmik32_hal.a(mik32_hal.c.o)
                0x80000f18                HAL_DelayMs
 .text.GPIO_Init
                0x80000f2a       0x4e hardware/libmik32_hal.a(mik32_hal_ssd1306.c.o)
 .text.transmit
                0x80000f78       0xea hardware/libmik32_hal.a(mik32_hal_ssd1306.c.o)
 .text.ssd1306_Fill
                0x80001062       0x22 hardware/libmik32_hal.a(mik32_hal_ssd1306.c.o)
                0x80001062                ssd1306_Fill
 .text.ssd1306_UpdateScreen
                0x80001084       0x14 hardware/libmik32_hal.a(mik32_hal_ssd1306.c.o)
                0x80001084                ssd1306_UpdateScreen
 .text.ssd1306_DrawPixel
                0x80001098       0x5c hardware/libmik32_hal.a(mik32_hal_ssd1306.c.o)
                0x80001098                ssd1306_DrawPixel
 .text.ssd1306_WriteChar
                0x800010f4      0x122 hardware/libmik32_hal.a(mik32_hal_ssd1306.c.o)
                0x800010f4                ssd1306_WriteChar
 .text.ssd1306_WriteString
                0x80001216       0x5e hardware/libmik32_hal.a(mik32_hal_ssd1306.c.o)
                0x80001216                ssd1306_WriteString
 .text.ssd1306_SetCursor
                0x80001274        0xa hardware/libmik32_hal.a(mik32_hal_ssd1306.c.o)
                0x80001274                ssd1306_SetCursor
 .text.ssd1306_Line
                0x8000127e       0xba hardware/libmik32_hal.a(mik32_hal_ssd1306.c.o)
                0x8000127e                ssd1306_Line
 .text.ssd1306_DrawArc
                0x80001338      0x20a hardware/libmik32_hal.a(mik32_hal_ssd1306.c.o)
                0x80001338                ssd1306_DrawArc
 .text.ssd1306_DrawCircle
                0x80001542       0xe4 hardware/libmik32_hal.a(mik32_hal_ssd1306.c.o)
                0x80001542                ssd1306_DrawCircle
 .text.ssd1306_DrawRectangle
                0x80001626       0x5c hardware/libmik32_hal.a(mik32_hal_ssd1306.c.o)
                0x80001626                ssd1306_DrawRectangle
 .text.ssd1306_SetDisplayOn
                0x80001682       0x2e hardware/libmik32_hal.a(mik32_hal_ssd1306.c.o)
                0x80001682                ssd1306_SetDisplayOn
 .text.ssd1306_Init
                0x800016b0      0x184 hardware/libmik32_hal.a(mik32_hal_ssd1306.c.o)
                0x800016b0                ssd1306_Init
 .text.HAL_GPIO_Init
                0x80001834       0xf0 hardware/libmik32_hal.a(mik32_hal_gpio.c.o)
                0x80001834                HAL_GPIO_Init
 .text.HAL_GPIO_WritePin
                0x80001924        0xa hardware/libmik32_hal.a(mik32_hal_gpio.c.o)
                0x80001924                HAL_GPIO_WritePin
 .text.HAL_I2C_AutoEnd
                0x8000192e       0x1a hardware/libmik32_hal.a(mik32_hal_i2c.c.o)
                0x8000192e                HAL_I2C_AutoEnd
 .text.HAL_I2C_Master_WaitTC
                0x80001948       0x1a hardware/libmik32_hal.a(mik32_hal_i2c.c.o)
                0x80001948                HAL_I2C_Master_WaitTC
 .text.HAL_I2C_Master_WaitTCR
                0x80001962       0x1a hardware/libmik32_hal.a(mik32_hal_i2c.c.o)
                0x80001962                HAL_I2C_Master_WaitTCR
 .text.HAL_I2C_Master_WaitTXIS
                0x8000197c       0x48 hardware/libmik32_hal.a(mik32_hal_i2c.c.o)
                0x8000197c                HAL_I2C_Master_WaitTXIS
 .text.HAL_I2C_Master_SlaveAddress
                0x800019c4       0x54 hardware/libmik32_hal.a(mik32_hal_i2c.c.o)
                0x800019c4                HAL_I2C_Master_SlaveAddress
 .text.HAL_I2C_WaitBusy
                0x80001a18       0x20 hardware/libmik32_hal.a(mik32_hal_i2c.c.o)
                0x80001a18                HAL_I2C_WaitBusy
 .text.HAL_I2C_Master_Transmit
                0x80001a38      0x170 hardware/libmik32_hal.a(mik32_hal_i2c.c.o)
                0x80001a38                HAL_I2C_Master_Transmit
 .text.cosf     0x80001ba8       0x6e /mik32_utils/xpack-riscv-none-elf-gcc-14.2.0-3/bin/../lib/gcc/riscv-none-elf/14.2.0/../../../../riscv-none-elf/lib/rv32imc/ilp32/libm.a(libm_a-sf_cos.o)
                0x80001ba8                cosf
 .text.sinf     0x80001c16       0x6e /mik32_utils/xpack-riscv-none-elf-gcc-14.2.0-3/bin/../lib/gcc/riscv-none-elf/14.2.0/../../../../riscv-none-elf/lib/rv32imc/ilp32/libm.a(libm_a-sf_sin.o)
                0x80001c16                sinf
 .text.__kernel_cosf
                0x80001c84      0x206 /mik32_utils/xpack-riscv-none-elf-gcc-14.2.0-3/bin/../lib/gcc/riscv-none-elf/14.2.0/../../../../riscv-none-elf/lib/rv32imc/ilp32/libm.a(libm_a-kf_cos.o)
                0x80001c84                __kernel_cosf
 .text.__kernel_sinf
                0x80001e8a      0x12a /mik32_utils/xpack-riscv-none-elf-gcc-14.2.0-3/bin/../lib/gcc/riscv-none-elf/14.2.0/../../../../riscv-none-elf/lib/rv32imc/ilp32/libm.a(libm_a-kf_sin.o)
                0x80001e8a                __kernel_sinf
 .text.__ieee754_rem_pio2f
                0x80001fb4      0x3d8 /mik32_utils/xpack-riscv-none-elf-gcc-14.2.0-3/bin/../lib/gcc/riscv-none-elf/14.2.0/../../../../riscv-none-elf/lib/rv32imc/ilp32/libm.a(libm_a-ef_rem_pio2.o)
                0x80001fb4                __ieee754_rem_pio2f
 .text.fabsf    0x8000238c        0x6 /mik32_utils/xpack-riscv-none-elf-gcc-14.2.0-3/bin/../lib/gcc/riscv-none-elf/14.2.0/../../../../riscv-none-elf/lib/rv32imc/ilp32/libm.a(libm_a-sf_fabs.o)
                0x8000238c                fabsf
 .text.__kernel_rem_pio2f
                0x80002392      0x7aa /mik32_utils/xpack-riscv-none-elf-gcc-14.2.0-3/bin/../lib/gcc/riscv-none-elf/14.2.0/../../../../riscv-none-elf/lib/rv32imc/ilp32/libm.a(libm_a-kf_rem_pio2.o)
                0x80002392                __kernel_rem_pio2f
 .text.floorf   0x80002b3c       0xfa /mik32_utils/xpack-riscv-none-elf-gcc-14.2.0-3/bin/../lib/gcc/riscv-none-elf/14.2.0/../../../../riscv-none-elf/lib/rv32imc/ilp32/libm.a(libm_a-sf_floor.o)
                0x80002b3c                floorf
 .text.scalbnf  0x80002c36      0x110 /mik32_utils/xpack-riscv-none-elf-gcc-14.2.0-3/bin/../lib/gcc/riscv-none-elf/14.2.0/../../../../riscv-none-elf/lib/rv32imc/ilp32/libm.a(libm_a-sf_scalbn.o)
                0x80002c36                scalbnf
 .text.__addsf3
                0x80002d46      0x4c6 /mik32_utils/xpack-riscv-none-elf-gcc-14.2.0-3/bin/../lib/gcc/riscv-none-elf/14.2.0/rv32imc/ilp32/libgcc.a(addsf3.o)
                0x80002d46                __addsf3
 .text.__divsf3
                0x8000320c      0x2c4 /mik32_utils/xpack-riscv-none-elf-gcc-14.2.0-3/bin/../lib/gcc/riscv-none-elf/14.2.0/rv32imc/ilp32/libgcc.a(divsf3.o)
                0x8000320c                __divsf3
 .text.__eqsf2  0x800034d0       0x5e /mik32_utils/xpack-riscv-none-elf-gcc-14.2.0-3/bin/../lib/gcc/riscv-none-elf/14.2.0/rv32imc/ilp32/libgcc.a(eqsf2.o)
                0x800034d0                __nesf2
                0x800034d0                __eqsf2
 .text.__gesf2  0x8000352e       0x9a /mik32_utils/xpack-riscv-none-elf-gcc-14.2.0-3/bin/../lib/gcc/riscv-none-elf/14.2.0/rv32imc/ilp32/libgcc.a(gesf2.o)
                0x8000352e                __gtsf2
                0x8000352e                __gesf2
 .text.__mulsf3
                0x800035c8      0x312 /mik32_utils/xpack-riscv-none-elf-gcc-14.2.0-3/bin/../lib/gcc/riscv-none-elf/14.2.0/rv32imc/ilp32/libgcc.a(mulsf3.o)
                0x800035c8                __mulsf3
 .text.__subsf3
                0x800038da      0x4f6 /mik32_utils/xpack-riscv-none-elf-gcc-14.2.0-3/bin/../lib/gcc/riscv-none-elf/14.2.0/rv32imc/ilp32/libgcc.a(subsf3.o)
                0x800038da                __subsf3
 .text.__fixsfsi
                0x80003dd0       0x60 /mik32_utils/xpack-riscv-none-elf-gcc-14.2.0-3/bin/../lib/gcc/riscv-none-elf/14.2.0/rv32imc/ilp32/libgcc.a(fixsfsi.o)
                0x80003dd0                __fixsfsi
 .text.__floatsisf
                0x80003e30       0xda /mik32_utils/xpack-riscv-none-elf-gcc-14.2.0-3/bin/../lib/gcc/riscv-none-elf/14.2.0/rv32imc/ilp32/libgcc.a(floatsisf.o)
                0x80003e30                __floatsisf
 .text.__floatunsisf
                0x80003f0a       0xde /mik32_utils/xpack-riscv-none-elf-gcc-14.2.0-3/bin/../lib/gcc/riscv-none-elf/14.2.0/rv32imc/ilp32/libgcc.a(floatunsisf.o)
                0x80003f0a                __floatunsisf
 .text.__clzsi2
                0x80003fe8       0x6e /mik32_utils/xpack-riscv-none-elf-gcc-14.2.0-3/bin/../lib/gcc/riscv-none-elf/14.2.0/rv32imc/ilp32/libgcc.a(_clzsi2.o)
                0x80003fe8                __clzsi2
 *(.rodata)
 *fill*         0x80004056        0x2 
 .rodata        0x80004058      0x5fc hardware/libmik32_hal.a(mik32_hal_ssd1306_fonts.c.o)
                0x80004058                Font_6x8
 *(.rodata.*)
 .rodata.str1.4
                0x80004654       0x1e app/CMakeFiles/base_project.dir/main.c.o
 *fill*         0x80004672        0x2 
 .rodata.npio2_hw
                0x80004674       0x80 /mik32_utils/xpack-riscv-none-elf-gcc-14.2.0-3/bin/../lib/gcc/riscv-none-elf/14.2.0/../../../../riscv-none-elf/lib/rv32imc/ilp32/libm.a(libm_a-ef_rem_pio2.o)
 .rodata.two_over_pi
                0x800046f4      0x318 /mik32_utils/xpack-riscv-none-elf-gcc-14.2.0-3/bin/../lib/gcc/riscv-none-elf/14.2.0/../../../../riscv-none-elf/lib/rv32imc/ilp32/libm.a(libm_a-ef_rem_pio2.o)
 .rodata.PIo2   0x80004a0c       0x2c /mik32_utils/xpack-riscv-none-elf-gcc-14.2.0-3/bin/../lib/gcc/riscv-none-elf/14.2.0/../../../../riscv-none-elf/lib/rv32imc/ilp32/libm.a(libm_a-kf_rem_pio2.o)
 .rodata.init_jk
                0x80004a38        0xc /mik32_utils/xpack-riscv-none-elf-gcc-14.2.0-3/bin/../lib/gcc/riscv-none-elf/14.2.0/../../../../riscv-none-elf/lib/rv32imc/ilp32/libm.a(libm_a-kf_rem_pio2.o)
 .rodata.__divsf3
                0x80004a44       0x7c /mik32_utils/xpack-riscv-none-elf-gcc-14.2.0-3/bin/../lib/gcc/riscv-none-elf/14.2.0/rv32imc/ilp32/libgcc.a(divsf3.o)
 .rodata.__clz_tab
                0x80004ac0      0x100 /mik32_utils/xpack-riscv-none-elf-gcc-14.2.0-3/bin/../lib/gcc/riscv-none-elf/14.2.0/rv32imc/ilp32/libgcc.a(_clz.o)
                0x80004ac0                __clz_tab
                0x80004bc0                        . = ALIGN (CL_SIZE)
 *fill*         0x80004bc0        0x0 
                0x80004bc0                        PROVIDE (__TEXT_END__ = .)

.data           0x02000000       0x90 load address 0x80004bc0
                0x02000000                        PROVIDE (__DATA_START__ = .)
                0x02000000                        _gp = .
 *(.srodata.cst16)
 *(.srodata.cst8)
 *(.srodata.cst4)
 .srodata.cst4  0x02000000       0x90 hardware/libmik32_hal.a(mik32_hal_ssd1306.c.o)
                                  0x4 (size before relaxing)
 .srodata.cst4  0x02000090       0x28 /mik32_utils/xpack-riscv-none-elf-gcc-14.2.0-3/bin/../lib/gcc/riscv-none-elf/14.2.0/../../../../riscv-none-elf/lib/rv32imc/ilp32/libm.a(libm_a-kf_cos.o)
 .srodata.cst4  0x02000090       0x1c /mik32_utils/xpack-riscv-none-elf-gcc-14.2.0-3/bin/../lib/gcc/riscv-none-elf/14.2.0/../../../../riscv-none-elf/lib/rv32imc/ilp32/libm.a(libm_a-kf_sin.o)
 .srodata.cst4  0x02000090       0x24 /mik32_utils/xpack-riscv-none-elf-gcc-14.2.0-3/bin/../lib/gcc/riscv-none-elf/14.2.0/../../../../riscv-none-elf/lib/rv32imc/ilp32/libm.a(libm_a-ef_rem_pio2.o)
 .srodata.cst4  0x02000090       0x1c /mik32_utils/xpack-riscv-none-elf-gcc-14.2.0-3/bin/../lib/gcc/riscv-none-elf/14.2.0/../../../../riscv-none-elf/lib/rv32imc/ilp32/libm.a(libm_a-kf_rem_pio2.o)
 .srodata.cst4  0x02000090        0xc /mik32_utils/xpack-riscv-none-elf-gcc-14.2.0-3/bin/../lib/gcc/riscv-none-elf/14.2.0/../../../../riscv-none-elf/lib/rv32imc/ilp32/libm.a(libm_a-sf_floor.o)
 .srodata.cst4  0x02000090       0x18 /mik32_utils/xpack-riscv-none-elf-gcc-14.2.0-3/bin/../lib/gcc/riscv-none-elf/14.2.0/../../../../riscv-none-elf/lib/rv32imc/ilp32/libm.a(libm_a-sf_scalbn.o)
 *(.srodata.cst2)
 *(.srodata*)
 *(.sdata .sdata.* .gnu.linkonce.s.*)
 *(.data .data.*)
                0x020000c0                        . = ALIGN (CL_SIZE)
                [!provide]                        PROVIDE (__DATA_END__ = .)
                0x80004bc0                        __DATA_IMAGE_START__ = LOADADDR (.data)
                0x80004c50                        __DATA_IMAGE_END__ = (LOADADDR (.data) + SIZEOF (.data))

.tdata          0x02000090        0x0
                [!provide]                        PROVIDE (_tls_data = .)
                [!provide]                        PROVIDE (_tdata_begin = .)
 *(.tdata .tdata.*)
                [!provide]                        PROVIDE (_tdata_end = .)
                0x02000090                        . = ALIGN (CL_SIZE)

.tbss           0x02000090        0x0
                0x02000090                        PROVIDE (__BSS_START__ = .)
 *(.tbss .tbss.*)
                0x02000090                        . = ALIGN (CL_SIZE)
                [!provide]                        PROVIDE (_tbss_end = .)

.sbss
 *(.sbss .sbss.* .gnu.linkonce.sb.*)
 *(.scommon)

.bss            0x02000090      0x4f0 load address 0x80004c50
 *(.bss .bss.*)
 .bss           0x02000090      0x4e8 app/CMakeFiles/base_project.dir/main.c.o
                0x02000090                husart0
                0x02000128                spi
                0x02000150                scr
 *(COMMON)
                0x02000580                        . = ALIGN (CL_SIZE)
 *fill*         0x02000578        0x8 
                0x02000580                        PROVIDE (__BSS_END__ = .)

.ram_text       0x02000580       0xa0 load address 0x80004c50
                0x02000580                        PROVIDE (__RAM_TEXT_START__ = .)
 *(.ram_text)
 .ram_text      0x02000580       0x9e hardware/libmik32_hal.a(mik32_hal.c.o)
                0x02000580                HAL_ProgramDelayMs
                0x020005d0                HAL_ProgramDelayUs
                0x02000620                        . = ALIGN (CL_SIZE)
 *fill*         0x0200061e        0x2 
                0x02000620                        PROVIDE (__RAM_TEXT_END__ = .)
                0x80004c50                        __RAM_TEXT_IMAGE_START__ = LOADADDR (.ram_text)
                0x80004cf0                        __RAM_TEXT_IMAGE_END__ = (LOADADDR (.ram_text) + SIZEOF (.ram_text))
                0x00000001                        ASSERT ((__RAM_TEXT_IMAGE_END__ < (ORIGIN (REGION_TEXT) + LENGTH (REGION_TEXT))), REGION_TEXT segment overflows)
                0x00000001                        ASSERT ((__RAM_TEXT_END__ < ((ORIGIN (REGION_RAM) + LENGTH (REGION_RAM)) - STACK_SIZE)), REGION_RAM section overflows)
                0x02000620                        _end = .
                [!provide]                        PROVIDE (__end = .)

.rela.dyn       0x02000620        0x0 load address 0x80004cf0
 .rela.text     0x02000620        0x0 app/CMakeFiles/base_project.dir/main.c.o

.stack          0x02003c00      0x400 load address 0x800082d0
 FILL mask 0x00000000
                [!provide]                        PROVIDE (__STACK_START__ = .)
                0x02004000                        . = (. + STACK_SIZE)
 *fill*         0x02003c00      0x400 00000000
                0x02004000                        PROVIDE (__C_STACK_TOP__ = .)
                [!provide]                        PROVIDE (__STACK_END__ = .)

/DISCARD/
 *(.eh_frame .eh_frame.*)
OUTPUT(app/base_project.elf elf32-littleriscv)

.debug_info     0x00000000     0x972e
 .debug_info    0x00000000     0x1a84 app/CMakeFiles/base_project.dir/main.c.o
 .debug_info    0x00001a84      0x7af hardware/libmik32_hal.a(mik32_hal_pcc.c.o)
 .debug_info    0x00002233      0xcda hardware/libmik32_hal.a(mik32_hal_spi.c.o)
 .debug_info    0x00002f0d     0x10cc hardware/libmik32_hal.a(mik32_hal_usart.c.o)
 .debug_info    0x00003fd9      0x2ec hardware/libmik32_hal.a(mik32_hal.c.o)
 .debug_info    0x000042c5     0x2794 hardware/libmik32_hal.a(mik32_hal_ssd1306.c.o)
 .debug_info    0x00006a59      0x194 hardware/libmik32_hal.a(mik32_hal_ssd1306_fonts.c.o)
 .debug_info    0x00006bed      0xb55 hardware/libmik32_hal.a(mik32_hal_gpio.c.o)
 .debug_info    0x00007742     0x1fc9 hardware/libmik32_hal.a(mik32_hal_i2c.c.o)
 .debug_info    0x0000970b       0x23 hardware/libmik32_shared.a(crt0.S.o)

.debug_abbrev   0x00000000     0x1749
 .debug_abbrev  0x00000000      0x2c2 app/CMakeFiles/base_project.dir/main.c.o
 .debug_abbrev  0x000002c2      0x223 hardware/libmik32_hal.a(mik32_hal_pcc.c.o)
 .debug_abbrev  0x000004e5      0x307 hardware/libmik32_hal.a(mik32_hal_spi.c.o)
 .debug_abbrev  0x000007ec      0x35e hardware/libmik32_hal.a(mik32_hal_usart.c.o)
 .debug_abbrev  0x00000b4a      0x145 hardware/libmik32_hal.a(mik32_hal.c.o)
 .debug_abbrev  0x00000c8f      0x4bc hardware/libmik32_hal.a(mik32_hal_ssd1306.c.o)
 .debug_abbrev  0x0000114b       0xce hardware/libmik32_hal.a(mik32_hal_ssd1306_fonts.c.o)
 .debug_abbrev  0x00001219      0x1fc hardware/libmik32_hal.a(mik32_hal_gpio.c.o)
 .debug_abbrev  0x00001415      0x322 hardware/libmik32_hal.a(mik32_hal_i2c.c.o)
 .debug_abbrev  0x00001737       0x12 hardware/libmik32_shared.a(crt0.S.o)

.debug_aranges  0x00000000      0x590
 .debug_aranges
                0x00000000       0x20 app/CMakeFiles/base_project.dir/main.c.o
 .debug_aranges
                0x00000020       0x70 hardware/libmik32_hal.a(mik32_hal_pcc.c.o)
 .debug_aranges
                0x00000090       0xa8 hardware/libmik32_hal.a(mik32_hal_spi.c.o)
 .debug_aranges
                0x00000138       0xf8 hardware/libmik32_hal.a(mik32_hal_usart.c.o)
 .debug_aranges
                0x00000230       0x58 hardware/libmik32_hal.a(mik32_hal.c.o)
 .debug_aranges
                0x00000288       0xc0 hardware/libmik32_hal.a(mik32_hal_ssd1306.c.o)
 .debug_aranges
                0x00000348       0x18 hardware/libmik32_hal.a(mik32_hal_ssd1306_fonts.c.o)
 .debug_aranges
                0x00000360       0x68 hardware/libmik32_hal.a(mik32_hal_gpio.c.o)
 .debug_aranges
                0x000003c8      0x1a0 hardware/libmik32_hal.a(mik32_hal_i2c.c.o)
 .debug_aranges
                0x00000568       0x28 hardware/libmik32_shared.a(crt0.S.o)

.debug_rnglists
                0x00000000      0x54b
 .debug_rnglists
                0x00000000       0x22 app/CMakeFiles/base_project.dir/main.c.o
 .debug_rnglists
                0x00000022       0x53 hardware/libmik32_hal.a(mik32_hal_pcc.c.o)
 .debug_rnglists
                0x00000075       0x7c hardware/libmik32_hal.a(mik32_hal_spi.c.o)
 .debug_rnglists
                0x000000f1       0xea hardware/libmik32_hal.a(mik32_hal_usart.c.o)
 .debug_rnglists
                0x000001db       0x3d hardware/libmik32_hal.a(mik32_hal.c.o)
 .debug_rnglists
                0x00000218      0x156 hardware/libmik32_hal.a(mik32_hal_ssd1306.c.o)
 .debug_rnglists
                0x0000036e       0x4b hardware/libmik32_hal.a(mik32_hal_gpio.c.o)
 .debug_rnglists
                0x000003b9      0x177 hardware/libmik32_hal.a(mik32_hal_i2c.c.o)
 .debug_rnglists
                0x00000530       0x1b hardware/libmik32_shared.a(crt0.S.o)

.debug_macro    0x00000000     0x4275
 .debug_macro   0x00000000      0x240 app/CMakeFiles/base_project.dir/main.c.o
 .debug_macro   0x00000240      0x7ba app/CMakeFiles/base_project.dir/main.c.o
 .debug_macro   0x000009fa      0x178 app/CMakeFiles/base_project.dir/main.c.o
 .debug_macro   0x00000b72       0x22 app/CMakeFiles/base_project.dir/main.c.o
 .debug_macro   0x00000b94       0x68 app/CMakeFiles/base_project.dir/main.c.o
 .debug_macro   0x00000bfc       0x19 app/CMakeFiles/base_project.dir/main.c.o
 .debug_macro   0x00000c15       0x94 app/CMakeFiles/base_project.dir/main.c.o
 .debug_macro   0x00000ca9       0x3b app/CMakeFiles/base_project.dir/main.c.o
 .debug_macro   0x00000ce4      0x103 app/CMakeFiles/base_project.dir/main.c.o
 .debug_macro   0x00000de7       0x3a app/CMakeFiles/base_project.dir/main.c.o
 .debug_macro   0x00000e21       0x57 app/CMakeFiles/base_project.dir/main.c.o
 .debug_macro   0x00000e78       0x6a app/CMakeFiles/base_project.dir/main.c.o
 .debug_macro   0x00000ee2      0x1df app/CMakeFiles/base_project.dir/main.c.o
 .debug_macro   0x000010c1       0x89 app/CMakeFiles/base_project.dir/main.c.o
 .debug_macro   0x0000114a      0x4cc app/CMakeFiles/base_project.dir/main.c.o
 .debug_macro   0x00001616      0x1e4 app/CMakeFiles/base_project.dir/main.c.o
 .debug_macro   0x000017fa       0x16 app/CMakeFiles/base_project.dir/main.c.o
 .debug_macro   0x00001810      0x505 app/CMakeFiles/base_project.dir/main.c.o
 .debug_macro   0x00001d15       0x28 app/CMakeFiles/base_project.dir/main.c.o
 .debug_macro   0x00001d3d      0x1cb app/CMakeFiles/base_project.dir/main.c.o
 .debug_macro   0x00001f08       0x16 app/CMakeFiles/base_project.dir/main.c.o
 .debug_macro   0x00001f1e       0x34 app/CMakeFiles/base_project.dir/main.c.o
 .debug_macro   0x00001f52       0x1c app/CMakeFiles/base_project.dir/main.c.o
 .debug_macro   0x00001f6e       0x6a app/CMakeFiles/base_project.dir/main.c.o
 .debug_macro   0x00001fd8       0x22 app/CMakeFiles/base_project.dir/main.c.o
 .debug_macro   0x00001ffa      0x119 app/CMakeFiles/base_project.dir/main.c.o
 .debug_macro   0x00002113      0x364 app/CMakeFiles/base_project.dir/main.c.o
 .debug_macro   0x00002477       0x16 app/CMakeFiles/base_project.dir/main.c.o
 .debug_macro   0x0000248d       0x4a app/CMakeFiles/base_project.dir/main.c.o
 .debug_macro   0x000024d7       0x34 app/CMakeFiles/base_project.dir/main.c.o
 .debug_macro   0x0000250b       0x10 app/CMakeFiles/base_project.dir/main.c.o
 .debug_macro   0x0000251b       0x58 app/CMakeFiles/base_project.dir/main.c.o
 .debug_macro   0x00002573      0x1de app/CMakeFiles/base_project.dir/main.c.o
 .debug_macro   0x00002751       0x10 app/CMakeFiles/base_project.dir/main.c.o
 .debug_macro   0x00002761       0x3c app/CMakeFiles/base_project.dir/main.c.o
 .debug_macro   0x0000279d      0x2bc app/CMakeFiles/base_project.dir/main.c.o
 .debug_macro   0x00002a59      0x1cc app/CMakeFiles/base_project.dir/main.c.o
 .debug_macro   0x00002c25       0xf4 app/CMakeFiles/base_project.dir/main.c.o
 .debug_macro   0x00002d19      0x2f4 app/CMakeFiles/base_project.dir/main.c.o
 .debug_macro   0x0000300d      0x1cc app/CMakeFiles/base_project.dir/main.c.o
 .debug_macro   0x000031d9       0x28 app/CMakeFiles/base_project.dir/main.c.o
 .debug_macro   0x00003201       0x34 app/CMakeFiles/base_project.dir/main.c.o
 .debug_macro   0x00003235       0xf5 hardware/libmik32_hal.a(mik32_hal_pcc.c.o)
 .debug_macro   0x0000332a      0x140 hardware/libmik32_hal.a(mik32_hal_spi.c.o)
 .debug_macro   0x0000346a      0x190 hardware/libmik32_hal.a(mik32_hal_spi.c.o)
 .debug_macro   0x000035fa      0x1cc hardware/libmik32_hal.a(mik32_hal_usart.c.o)
 .debug_macro   0x000037c6       0xf5 hardware/libmik32_hal.a(mik32_hal.c.o)
 .debug_macro   0x000038bb      0x255 hardware/libmik32_hal.a(mik32_hal_ssd1306.c.o)
 .debug_macro   0x00003b10       0x8e hardware/libmik32_hal.a(mik32_hal_ssd1306.c.o)
 .debug_macro   0x00003b9e       0x51 hardware/libmik32_hal.a(mik32_hal_ssd1306.c.o)
 .debug_macro   0x00003bef       0x6e hardware/libmik32_hal.a(mik32_hal_ssd1306.c.o)
 .debug_macro   0x00003c5d      0x19b hardware/libmik32_hal.a(mik32_hal_ssd1306.c.o)
 .debug_macro   0x00003df8       0x16 hardware/libmik32_hal.a(mik32_hal_ssd1306.c.o)
 .debug_macro   0x00003e0e       0x16 hardware/libmik32_hal.a(mik32_hal_ssd1306.c.o)
 .debug_macro   0x00003e24       0x29 hardware/libmik32_hal.a(mik32_hal_ssd1306.c.o)
 .debug_macro   0x00003e4d       0x16 hardware/libmik32_hal.a(mik32_hal_ssd1306.c.o)
 .debug_macro   0x00003e63      0x19a hardware/libmik32_hal.a(mik32_hal_ssd1306_fonts.c.o)
 .debug_macro   0x00003ffd      0x11f hardware/libmik32_hal.a(mik32_hal_gpio.c.o)
 .debug_macro   0x0000411c      0x159 hardware/libmik32_hal.a(mik32_hal_i2c.c.o)

.debug_line     0x00000000     0x8deb
 .debug_line    0x00000000      0x6e0 app/CMakeFiles/base_project.dir/main.c.o
 .debug_line    0x000006e0      0xa14 hardware/libmik32_hal.a(mik32_hal_pcc.c.o)
 .debug_line    0x000010f4      0xf99 hardware/libmik32_hal.a(mik32_hal_spi.c.o)
 .debug_line    0x0000208d     0x16d3 hardware/libmik32_hal.a(mik32_hal_usart.c.o)
 .debug_line    0x00003760      0x299 hardware/libmik32_hal.a(mik32_hal.c.o)
 .debug_line    0x000039f9     0x1815 hardware/libmik32_hal.a(mik32_hal_ssd1306.c.o)
 .debug_line    0x0000520e       0xfa hardware/libmik32_hal.a(mik32_hal_ssd1306_fonts.c.o)
 .debug_line    0x00005308      0x777 hardware/libmik32_hal.a(mik32_hal_gpio.c.o)
 .debug_line    0x00005a7f     0x325c hardware/libmik32_hal.a(mik32_hal_i2c.c.o)
 .debug_line    0x00008cdb      0x110 hardware/libmik32_shared.a(crt0.S.o)

.debug_str      0x00000000    0x14519
 .debug_str     0x00000000    0x14519 app/CMakeFiles/base_project.dir/main.c.o
                              0x11e9d (size before relaxing)
 .debug_str     0x00014519     0x9c4e hardware/libmik32_hal.a(mik32_hal_pcc.c.o)
 .debug_str     0x00014519     0xb3b5 hardware/libmik32_hal.a(mik32_hal_spi.c.o)
 .debug_str     0x00014519     0xde6a hardware/libmik32_hal.a(mik32_hal_usart.c.o)
 .debug_str     0x00014519     0x96bc hardware/libmik32_hal.a(mik32_hal.c.o)
 .debug_str     0x00014519    0x1149c hardware/libmik32_hal.a(mik32_hal_ssd1306.c.o)
 .debug_str     0x00014519     0xccc5 hardware/libmik32_hal.a(mik32_hal_ssd1306_fonts.c.o)
 .debug_str     0x00014519     0xaf23 hardware/libmik32_hal.a(mik32_hal_gpio.c.o)
 .debug_str     0x00014519     0xcff0 hardware/libmik32_hal.a(mik32_hal_i2c.c.o)
 .debug_str     0x00014519       0x6f hardware/libmik32_shared.a(crt0.S.o)

.debug_line_str
                0x00000000      0x7a0
 .debug_line_str
                0x00000000      0x7a0 app/CMakeFiles/base_project.dir/main.c.o
                                0x4b6 (size before relaxing)
 .debug_line_str
                0x000007a0      0x3c7 hardware/libmik32_hal.a(mik32_hal_pcc.c.o)
 .debug_line_str
                0x000007a0      0x40d hardware/libmik32_hal.a(mik32_hal_spi.c.o)
 .debug_line_str
                0x000007a0      0x465 hardware/libmik32_hal.a(mik32_hal_usart.c.o)
 .debug_line_str
                0x000007a0      0x3bb hardware/libmik32_hal.a(mik32_hal.c.o)
 .debug_line_str
                0x000007a0      0x502 hardware/libmik32_hal.a(mik32_hal_ssd1306.c.o)
 .debug_line_str
                0x000007a0      0x4c7 hardware/libmik32_hal.a(mik32_hal_ssd1306_fonts.c.o)
 .debug_line_str
                0x000007a0      0x3fa hardware/libmik32_hal.a(mik32_hal_gpio.c.o)
 .debug_line_str
                0x000007a0      0x42a hardware/libmik32_hal.a(mik32_hal_i2c.c.o)
 .debug_line_str
                0x000007a0       0x61 hardware/libmik32_shared.a(crt0.S.o)

.comment        0x00000000       0x33
 .comment       0x00000000       0x33 app/CMakeFiles/base_project.dir/main.c.o
                                 0x34 (size before relaxing)
 .comment       0x00000033       0x34 hardware/libmik32_hal.a(mik32_hal_pcc.c.o)
 .comment       0x00000033       0x34 hardware/libmik32_hal.a(mik32_hal_spi.c.o)
 .comment       0x00000033       0x34 hardware/libmik32_hal.a(mik32_hal_usart.c.o)
 .comment       0x00000033       0x34 hardware/libmik32_hal.a(mik32_hal.c.o)
 .comment       0x00000033       0x34 hardware/libmik32_hal.a(mik32_hal_ssd1306.c.o)
 .comment       0x00000033       0x34 hardware/libmik32_hal.a(mik32_hal_ssd1306_fonts.c.o)
 .comment       0x00000033       0x34 hardware/libmik32_hal.a(mik32_hal_gpio.c.o)
 .comment       0x00000033       0x34 hardware/libmik32_hal.a(mik32_hal_i2c.c.o)
 .comment       0x00000033       0x34 /mik32_utils/xpack-riscv-none-elf-gcc-14.2.0-3/bin/../lib/gcc/riscv-none-elf/14.2.0/../../../../riscv-none-elf/lib/rv32imc/ilp32/libm.a(libm_a-sf_cos.o)
 .comment       0x00000033       0x34 /mik32_utils/xpack-riscv-none-elf-gcc-14.2.0-3/bin/../lib/gcc/riscv-none-elf/14.2.0/../../../../riscv-none-elf/lib/rv32imc/ilp32/libm.a(libm_a-sf_sin.o)
 .comment       0x00000033       0x34 /mik32_utils/xpack-riscv-none-elf-gcc-14.2.0-3/bin/../lib/gcc/riscv-none-elf/14.2.0/../../../../riscv-none-elf/lib/rv32imc/ilp32/libm.a(libm_a-kf_cos.o)
 .comment       0x00000033       0x34 /mik32_utils/xpack-riscv-none-elf-gcc-14.2.0-3/bin/../lib/gcc/riscv-none-elf/14.2.0/../../../../riscv-none-elf/lib/rv32imc/ilp32/libm.a(libm_a-kf_sin.o)
 .comment       0x00000033       0x34 /mik32_utils/xpack-riscv-none-elf-gcc-14.2.0-3/bin/../lib/gcc/riscv-none-elf/14.2.0/../../../../riscv-none-elf/lib/rv32imc/ilp32/libm.a(libm_a-ef_rem_pio2.o)
 .comment       0x00000033       0x34 /mik32_utils/xpack-riscv-none-elf-gcc-14.2.0-3/bin/../lib/gcc/riscv-none-elf/14.2.0/../../../../riscv-none-elf/lib/rv32imc/ilp32/libm.a(libm_a-sf_fabs.o)
 .comment       0x00000033       0x34 /mik32_utils/xpack-riscv-none-elf-gcc-14.2.0-3/bin/../lib/gcc/riscv-none-elf/14.2.0/../../../../riscv-none-elf/lib/rv32imc/ilp32/libm.a(libm_a-kf_rem_pio2.o)
 .comment       0x00000033       0x34 /mik32_utils/xpack-riscv-none-elf-gcc-14.2.0-3/bin/../lib/gcc/riscv-none-elf/14.2.0/../../../../riscv-none-elf/lib/rv32imc/ilp32/libm.a(libm_a-sf_floor.o)
 .comment       0x00000033       0x34 /mik32_utils/xpack-riscv-none-elf-gcc-14.2.0-3/bin/../lib/gcc/riscv-none-elf/14.2.0/../../../../riscv-none-elf/lib/rv32imc/ilp32/libm.a(libm_a-sf_scalbn.o)
 .comment       0x00000033       0x34 /mik32_utils/xpack-riscv-none-elf-gcc-14.2.0-3/bin/../lib/gcc/riscv-none-elf/14.2.0/rv32imc/ilp32/libgcc.a(addsf3.o)
 .comment       0x00000033       0x34 /mik32_utils/xpack-riscv-none-elf-gcc-14.2.0-3/bin/../lib/gcc/riscv-none-elf/14.2.0/rv32imc/ilp32/libgcc.a(divsf3.o)
 .comment       0x00000033       0x34 /mik32_utils/xpack-riscv-none-elf-gcc-14.2.0-3/bin/../lib/gcc/riscv-none-elf/14.2.0/rv32imc/ilp32/libgcc.a(eqsf2.o)
 .comment       0x00000033       0x34 /mik32_utils/xpack-riscv-none-elf-gcc-14.2.0-3/bin/../lib/gcc/riscv-none-elf/14.2.0/rv32imc/ilp32/libgcc.a(gesf2.o)
 .comment       0x00000033       0x34 /mik32_utils/xpack-riscv-none-elf-gcc-14.2.0-3/bin/../lib/gcc/riscv-none-elf/14.2.0/rv32imc/ilp32/libgcc.a(mulsf3.o)
 .comment       0x00000033       0x34 /mik32_utils/xpack-riscv-none-elf-gcc-14.2.0-3/bin/../lib/gcc/riscv-none-elf/14.2.0/rv32imc/ilp32/libgcc.a(subsf3.o)
 .comment       0x00000033       0x34 /mik32_utils/xpack-riscv-none-elf-gcc-14.2.0-3/bin/../lib/gcc/riscv-none-elf/14.2.0/rv32imc/ilp32/libgcc.a(fixsfsi.o)
 .comment       0x00000033       0x34 /mik32_utils/xpack-riscv-none-elf-gcc-14.2.0-3/bin/../lib/gcc/riscv-none-elf/14.2.0/rv32imc/ilp32/libgcc.a(floatsisf.o)
 .comment       0x00000033       0x34 /mik32_utils/xpack-riscv-none-elf-gcc-14.2.0-3/bin/../lib/gcc/riscv-none-elf/14.2.0/rv32imc/ilp32/libgcc.a(floatunsisf.o)
 .comment       0x00000033       0x34 /mik32_utils/xpack-riscv-none-elf-gcc-14.2.0-3/bin/../lib/gcc/riscv-none-elf/14.2.0/rv32imc/ilp32/libgcc.a(_clzsi2.o)
 .comment       0x00000033       0x34 /mik32_utils/xpack-riscv-none-elf-gcc-14.2.0-3/bin/../lib/gcc/riscv-none-elf/14.2.0/rv32imc/ilp32/libgcc.a(_clz.o)

.note.GNU-stack
                0x00000000        0x0
 .note.GNU-stack
                0x00000000        0x0 app/CMakeFiles/base_project.dir/main.c.o
 .note.GNU-stack
                0x00000000        0x0 hardware/libmik32_hal.a(mik32_hal_pcc.c.o)
 .note.GNU-stack
                0x00000000        0x0 hardware/libmik32_hal.a(mik32_hal_spi.c.o)
 .note.GNU-stack
                0x00000000        0x0 hardware/libmik32_hal.a(mik32_hal_usart.c.o)
 .note.GNU-stack
                0x00000000        0x0 hardware/libmik32_hal.a(mik32_hal.c.o)
 .note.GNU-stack
                0x00000000        0x0 hardware/libmik32_hal.a(mik32_hal_ssd1306.c.o)
 .note.GNU-stack
                0x00000000        0x0 hardware/libmik32_hal.a(mik32_hal_ssd1306_fonts.c.o)
 .note.GNU-stack
                0x00000000        0x0 hardware/libmik32_hal.a(mik32_hal_gpio.c.o)
 .note.GNU-stack
                0x00000000        0x0 hardware/libmik32_hal.a(mik32_hal_i2c.c.o)
 .note.GNU-stack
                0x00000000        0x0 /mik32_utils/xpack-riscv-none-elf-gcc-14.2.0-3/bin/../lib/gcc/riscv-none-elf/14.2.0/../../../../riscv-none-elf/lib/rv32imc/ilp32/libm.a(libm_a-sf_cos.o)
 .note.GNU-stack
                0x00000000        0x0 /mik32_utils/xpack-riscv-none-elf-gcc-14.2.0-3/bin/../lib/gcc/riscv-none-elf/14.2.0/../../../../riscv-none-elf/lib/rv32imc/ilp32/libm.a(libm_a-sf_sin.o)
 .note.GNU-stack
                0x00000000        0x0 /mik32_utils/xpack-riscv-none-elf-gcc-14.2.0-3/bin/../lib/gcc/riscv-none-elf/14.2.0/../../../../riscv-none-elf/lib/rv32imc/ilp32/libm.a(libm_a-kf_cos.o)
 .note.GNU-stack
                0x00000000        0x0 /mik32_utils/xpack-riscv-none-elf-gcc-14.2.0-3/bin/../lib/gcc/riscv-none-elf/14.2.0/../../../../riscv-none-elf/lib/rv32imc/ilp32/libm.a(libm_a-kf_sin.o)
 .note.GNU-stack
                0x00000000        0x0 /mik32_utils/xpack-riscv-none-elf-gcc-14.2.0-3/bin/../lib/gcc/riscv-none-elf/14.2.0/../../../../riscv-none-elf/lib/rv32imc/ilp32/libm.a(libm_a-ef_rem_pio2.o)
 .note.GNU-stack
                0x00000000        0x0 /mik32_utils/xpack-riscv-none-elf-gcc-14.2.0-3/bin/../lib/gcc/riscv-none-elf/14.2.0/../../../../riscv-none-elf/lib/rv32imc/ilp32/libm.a(libm_a-sf_fabs.o)
 .note.GNU-stack
                0x00000000        0x0 /mik32_utils/xpack-riscv-none-elf-gcc-14.2.0-3/bin/../lib/gcc/riscv-none-elf/14.2.0/../../../../riscv-none-elf/lib/rv32imc/ilp32/libm.a(libm_a-kf_rem_pio2.o)
 .note.GNU-stack
                0x00000000        0x0 /mik32_utils/xpack-riscv-none-elf-gcc-14.2.0-3/bin/../lib/gcc/riscv-none-elf/14.2.0/../../../../riscv-none-elf/lib/rv32imc/ilp32/libm.a(libm_a-sf_floor.o)
 .note.GNU-stack
                0x00000000        0x0 /mik32_utils/xpack-riscv-none-elf-gcc-14.2.0-3/bin/../lib/gcc/riscv-none-elf/14.2.0/../../../../riscv-none-elf/lib/rv32imc/ilp32/libm.a(libm_a-sf_scalbn.o)
 .note.GNU-stack
                0x00000000        0x0 /mik32_utils/xpack-riscv-none-elf-gcc-14.2.0-3/bin/../lib/gcc/riscv-none-elf/14.2.0/rv32imc/ilp32/libgcc.a(addsf3.o)
 .note.GNU-stack
                0x00000000        0x0 /mik32_utils/xpack-riscv-none-elf-gcc-14.2.0-3/bin/../lib/gcc/riscv-none-elf/14.2.0/rv32imc/ilp32/libgcc.a(divsf3.o)
 .note.GNU-stack
                0x00000000        0x0 /mik32_utils/xpack-riscv-none-elf-gcc-14.2.0-3/bin/../lib/gcc/riscv-none-elf/14.2.0/rv32imc/ilp32/libgcc.a(eqsf2.o)
 .note.GNU-stack
                0x00000000        0x0 /mik32_utils/xpack-riscv-none-elf-gcc-14.2.0-3/bin/../lib/gcc/riscv-none-elf/14.2.0/rv32imc/ilp32/libgcc.a(gesf2.o)
 .note.GNU-stack
                0x00000000        0x0 /mik32_utils/xpack-riscv-none-elf-gcc-14.2.0-3/bin/../lib/gcc/riscv-none-elf/14.2.0/rv32imc/ilp32/libgcc.a(mulsf3.o)
 .note.GNU-stack
                0x00000000        0x0 /mik32_utils/xpack-riscv-none-elf-gcc-14.2.0-3/bin/../lib/gcc/riscv-none-elf/14.2.0/rv32imc/ilp32/libgcc.a(subsf3.o)
 .note.GNU-stack
                0x00000000        0x0 /mik32_utils/xpack-riscv-none-elf-gcc-14.2.0-3/bin/../lib/gcc/riscv-none-elf/14.2.0/rv32imc/ilp32/libgcc.a(fixsfsi.o)
 .note.GNU-stack
                0x00000000        0x0 /mik32_utils/xpack-riscv-none-elf-gcc-14.2.0-3/bin/../lib/gcc/riscv-none-elf/14.2.0/rv32imc/ilp32/libgcc.a(floatsisf.o)
 .note.GNU-stack
                0x00000000        0x0 /mik32_utils/xpack-riscv-none-elf-gcc-14.2.0-3/bin/../lib/gcc/riscv-none-elf/14.2.0/rv32imc/ilp32/libgcc.a(floatunsisf.o)
 .note.GNU-stack
                0x00000000        0x0 /mik32_utils/xpack-riscv-none-elf-gcc-14.2.0-3/bin/../lib/gcc/riscv-none-elf/14.2.0/rv32imc/ilp32/libgcc.a(_clzsi2.o)
 .note.GNU-stack
                0x00000000        0x0 /mik32_utils/xpack-riscv-none-elf-gcc-14.2.0-3/bin/../lib/gcc/riscv-none-elf/14.2.0/rv32imc/ilp32/libgcc.a(_clz.o)

.riscv.attributes
                0x00000000       0x48
 .riscv.attributes
                0x00000000       0x44 app/CMakeFiles/base_project.dir/main.c.o
 .riscv.attributes
                0x00000044       0x44 hardware/libmik32_hal.a(mik32_hal_pcc.c.o)
 .riscv.attributes
                0x00000088       0x44 hardware/libmik32_hal.a(mik32_hal_spi.c.o)
 .riscv.attributes
                0x000000cc       0x44 hardware/libmik32_hal.a(mik32_hal_usart.c.o)
 .riscv.attributes
                0x00000110       0x44 hardware/libmik32_hal.a(mik32_hal.c.o)
 .riscv.attributes
                0x00000154       0x44 hardware/libmik32_hal.a(mik32_hal_ssd1306.c.o)
 .riscv.attributes
                0x00000198       0x44 hardware/libmik32_hal.a(mik32_hal_ssd1306_fonts.c.o)
 .riscv.attributes
                0x000001dc       0x44 hardware/libmik32_hal.a(mik32_hal_gpio.c.o)
 .riscv.attributes
                0x00000220       0x44 hardware/libmik32_hal.a(mik32_hal_i2c.c.o)
 .riscv.attributes
                0x00000264       0x2f /mik32_utils/xpack-riscv-none-elf-gcc-14.2.0-3/bin/../lib/gcc/riscv-none-elf/14.2.0/../../../../riscv-none-elf/lib/rv32imc/ilp32/libm.a(libm_a-sf_cos.o)
 .riscv.attributes
                0x00000293       0x2f /mik32_utils/xpack-riscv-none-elf-gcc-14.2.0-3/bin/../lib/gcc/riscv-none-elf/14.2.0/../../../../riscv-none-elf/lib/rv32imc/ilp32/libm.a(libm_a-sf_sin.o)
 .riscv.attributes
                0x000002c2       0x2f /mik32_utils/xpack-riscv-none-elf-gcc-14.2.0-3/bin/../lib/gcc/riscv-none-elf/14.2.0/../../../../riscv-none-elf/lib/rv32imc/ilp32/libm.a(libm_a-kf_cos.o)
 .riscv.attributes
                0x000002f1       0x2f /mik32_utils/xpack-riscv-none-elf-gcc-14.2.0-3/bin/../lib/gcc/riscv-none-elf/14.2.0/../../../../riscv-none-elf/lib/rv32imc/ilp32/libm.a(libm_a-kf_sin.o)
 .riscv.attributes
                0x00000320       0x2f /mik32_utils/xpack-riscv-none-elf-gcc-14.2.0-3/bin/../lib/gcc/riscv-none-elf/14.2.0/../../../../riscv-none-elf/lib/rv32imc/ilp32/libm.a(libm_a-ef_rem_pio2.o)
 .riscv.attributes
                0x0000034f       0x2f /mik32_utils/xpack-riscv-none-elf-gcc-14.2.0-3/bin/../lib/gcc/riscv-none-elf/14.2.0/../../../../riscv-none-elf/lib/rv32imc/ilp32/libm.a(libm_a-sf_fabs.o)
 .riscv.attributes
                0x0000037e       0x2f /mik32_utils/xpack-riscv-none-elf-gcc-14.2.0-3/bin/../lib/gcc/riscv-none-elf/14.2.0/../../../../riscv-none-elf/lib/rv32imc/ilp32/libm.a(libm_a-kf_rem_pio2.o)
 .riscv.attributes
                0x000003ad       0x2f /mik32_utils/xpack-riscv-none-elf-gcc-14.2.0-3/bin/../lib/gcc/riscv-none-elf/14.2.0/../../../../riscv-none-elf/lib/rv32imc/ilp32/libm.a(libm_a-sf_floor.o)
 .riscv.attributes
                0x000003dc       0x2f /mik32_utils/xpack-riscv-none-elf-gcc-14.2.0-3/bin/../lib/gcc/riscv-none-elf/14.2.0/../../../../riscv-none-elf/lib/rv32imc/ilp32/libm.a(libm_a-sf_scalbn.o)
 .riscv.attributes
                0x0000040b       0x46 hardware/libmik32_shared.a(crt0.S.o)
 .riscv.attributes
                0x00000451       0x2f /mik32_utils/xpack-riscv-none-elf-gcc-14.2.0-3/bin/../lib/gcc/riscv-none-elf/14.2.0/rv32imc/ilp32/libgcc.a(addsf3.o)
 .riscv.attributes
                0x00000480       0x2f /mik32_utils/xpack-riscv-none-elf-gcc-14.2.0-3/bin/../lib/gcc/riscv-none-elf/14.2.0/rv32imc/ilp32/libgcc.a(divsf3.o)
 .riscv.attributes
                0x000004af       0x2f /mik32_utils/xpack-riscv-none-elf-gcc-14.2.0-3/bin/../lib/gcc/riscv-none-elf/14.2.0/rv32imc/ilp32/libgcc.a(eqsf2.o)
 .riscv.attributes
                0x000004de       0x2f /mik32_utils/xpack-riscv-none-elf-gcc-14.2.0-3/bin/../lib/gcc/riscv-none-elf/14.2.0/rv32imc/ilp32/libgcc.a(gesf2.o)
 .riscv.attributes
                0x0000050d       0x2f /mik32_utils/xpack-riscv-none-elf-gcc-14.2.0-3/bin/../lib/gcc/riscv-none-elf/14.2.0/rv32imc/ilp32/libgcc.a(mulsf3.o)
 .riscv.attributes
                0x0000053c       0x2f /mik32_utils/xpack-riscv-none-elf-gcc-14.2.0-3/bin/../lib/gcc/riscv-none-elf/14.2.0/rv32imc/ilp32/libgcc.a(subsf3.o)
 .riscv.attributes
                0x0000056b       0x2f /mik32_utils/xpack-riscv-none-elf-gcc-14.2.0-3/bin/../lib/gcc/riscv-none-elf/14.2.0/rv32imc/ilp32/libgcc.a(fixsfsi.o)
 .riscv.attributes
                0x0000059a       0x2f /mik32_utils/xpack-riscv-none-elf-gcc-14.2.0-3/bin/../lib/gcc/riscv-none-elf/14.2.0/rv32imc/ilp32/libgcc.a(floatsisf.o)
 .riscv.attributes
                0x000005c9       0x2f /mik32_utils/xpack-riscv-none-elf-gcc-14.2.0-3/bin/../lib/gcc/riscv-none-elf/14.2.0/rv32imc/ilp32/libgcc.a(floatunsisf.o)
 .riscv.attributes
                0x000005f8       0x2f /mik32_utils/xpack-riscv-none-elf-gcc-14.2.0-3/bin/../lib/gcc/riscv-none-elf/14.2.0/rv32imc/ilp32/libgcc.a(_clzsi2.o)
 .riscv.attributes
                0x00000627       0x2f /mik32_utils/xpack-riscv-none-elf-gcc-14.2.0-3/bin/../lib/gcc/riscv-none-elf/14.2.0/rv32imc/ilp32/libgcc.a(_clz.o)
 .riscv.attributes
                0x00000656       0x2d /mik32_utils/xpack-riscv-none-elf-gcc-14.2.0-3/bin/../lib/gcc/riscv-none-elf/14.2.0/../../../../riscv-none-elf/lib/rv32imc/ilp32/libc.a(libc_a-memset.o)

.debug_frame    0x00000000     0x120c
 .debug_frame   0x00000000       0x34 app/CMakeFiles/base_project.dir/main.c.o
 .debug_frame   0x00000034      0x118 hardware/libmik32_hal.a(mik32_hal_pcc.c.o)
 .debug_frame   0x0000014c      0x1bc hardware/libmik32_hal.a(mik32_hal_spi.c.o)
 .debug_frame   0x00000308      0x2b4 hardware/libmik32_hal.a(mik32_hal_usart.c.o)
 .debug_frame   0x000005bc       0xd4 hardware/libmik32_hal.a(mik32_hal.c.o)
 .debug_frame   0x00000690      0x524 hardware/libmik32_hal.a(mik32_hal_ssd1306.c.o)
 .debug_frame   0x00000bb4       0xbc hardware/libmik32_hal.a(mik32_hal_gpio.c.o)
 .debug_frame   0x00000c70      0x59c hardware/libmik32_hal.a(mik32_hal_i2c.c.o)

.debug_loclists
                0x00000000     0x3b0d
 .debug_loclists
                0x00000000      0x4fe hardware/libmik32_hal.a(mik32_hal_pcc.c.o)
 .debug_loclists
                0x000004fe      0x403 hardware/libmik32_hal.a(mik32_hal_spi.c.o)
 .debug_loclists
                0x00000901      0x675 hardware/libmik32_hal.a(mik32_hal_usart.c.o)
 .debug_loclists
                0x00000f76      0x122 hardware/libmik32_hal.a(mik32_hal.c.o)
 .debug_loclists
                0x00001098     0x1587 hardware/libmik32_hal.a(mik32_hal_ssd1306.c.o)
 .debug_loclists
                0x0000261f      0x2c1 hardware/libmik32_hal.a(mik32_hal_gpio.c.o)
 .debug_loclists
                0x000028e0     0x122d hardware/libmik32_hal.a(mik32_hal_i2c.c.o)
